// Jest Snapshot v1, https://goo.gl/fbAQLP

exports[`Home Page Match Snapshot 1`] = `undefined`;
