// Jest Snapshot v1, https://goo.gl/fbAQLP

exports[`Menu Page Match Snapshot 1`] = `undefined`;
