// Jest Snapshot v1, https://goo.gl/fbAQLP

exports[`Toggle Page Match Snapshot 1`] = `undefined`;
