// Jest Snapshot v1, https://goo.gl/fbAQLP

exports[`App Component Match Snapshot 1`] = `undefined`;
