// Jest Snapshot v1, https://goo.gl/fbAQLP

exports[`Router Component Match Snapshot 1`] = `undefined`;
