// Jest Snapshot v1, https://goo.gl/fbAQLP

exports[`Title Page Match Snapshot 1`] = `undefined`;
